[demo.themenio.com/appsland/index-x2-half-header.html]
[demo.themenio.com/appsland/images/favicon.png]
[backblue.gif]
[fade.gif]
[index.html]
[www.google-analytics.com/analytics.js]
[demo.themenio.com/appsland/images/logo-white.png]
[demo.themenio.com/appsland/index.html]
[demo.themenio.com/appsland/images/logo.png]
[demo.themenio.com/appsland/images/mobile-app-s1.jpg]
[demo.themenio.com/appsland/index-2.html]
[demo.themenio.com/appsland/index-particles.html]
[demo.themenio.com/appsland/index-gradient.html]
[demo.themenio.com/appsland/index-slider.html]
[demo.themenio.com/appsland/index-video.html]
[demo.themenio.com/appsland/index-image.html]
[demo.themenio.com/appsland/index-typing.html]
[demo.themenio.com/appsland/index-iphone7.html]
[demo.themenio.com/appsland/index-half-header.html]
[demo.themenio.com/appsland/images/mobile-app-s2.jpg]
[demo.themenio.com/appsland/index-x1.html]
[demo.themenio.com/appsland/index-x1-particles.html]
[demo.themenio.com/appsland/index-x1-gradient.html]
[demo.themenio.com/appsland/index-x1-slider.html]
[demo.themenio.com/appsland/index-x1-video.html]
[demo.themenio.com/appsland/index-x1-image.html]
[demo.themenio.com/appsland/index-x1-typing.html]
[demo.themenio.com/appsland/index-x1-iphone7.html]
[demo.themenio.com/appsland/index-x1-half-header.html]
[demo.themenio.com/appsland/images/desktop-app-s1.jpg]
[demo.themenio.com/appsland/index-x2.html]
[demo.themenio.com/appsland/index-x2-particles.html]
[demo.themenio.com/appsland/index-x2-gradient.html]
[demo.themenio.com/appsland/index-x2-slider.html]
[demo.themenio.com/appsland/index-x2-video.html]
[demo.themenio.com/appsland/index-x2-image.html]
[demo.themenio.com/appsland/index-x2-typing.html]
[demo.themenio.com/appsland/index-x2-flat.html]
[demo.themenio.com/appsland/images/application.jpg]
[demo.themenio.com/appsland/index-x3.html]
[demo.themenio.com/appsland/index-x3-gradient.html]
[demo.themenio.com/appsland/index-x3-slider.html]
[demo.themenio.com/appsland/index-x3-video.html]
[demo.themenio.com/appsland/index-x3-particles.html]
[demo.themenio.com/appsland/index-x3-image.html]
[demo.themenio.com/appsland/index-x3-typing.html]
[demo.themenio.com/appsland/index-x3-half-header.html]
[demo.themenio.com/appsland/index-x3-flat.html]
[demo.themenio.com/appsland/images/application-pro.jpg]
[demo.themenio.com/appsland/index-x4.html]
[demo.themenio.com/appsland/index-x4-particles.html]
[demo.themenio.com/appsland/index-x4-gradient.html]
[demo.themenio.com/appsland/index-x4-slider.html]
[demo.themenio.com/appsland/index-x4-video.html]
[demo.themenio.com/appsland/index-x4-image.html]
[demo.themenio.com/appsland/index-x4-typing.html]
[demo.themenio.com/appsland/index-x4-half-header.html]
[demo.themenio.com/appsland/index-x4-flat.html]
[demo.themenio.com/appsland/images/application-2.jpg]
[demo.themenio.com/appsland/index-x5.html]
[demo.themenio.com/appsland/index-x5-particles.html]
[demo.themenio.com/appsland/index-x5-slider.html]
[demo.themenio.com/appsland/index-x5-video.html]
[demo.themenio.com/appsland/index-x5-image.html]
[demo.themenio.com/appsland/images/software-screen-a.jpg]
[demo.themenio.com/appsland/images/about-video.jpg]
[demo.themenio.com/appsland/images/software-screen-b.jpg]
[demo.themenio.com/appsland/images/software-screen-c.jpg]
[demo.themenio.com/appsland/images/software-screen-d.jpg]
[demo.themenio.com/appsland/images/pricing-bg.jpg]
[demo.themenio.com/appsland/images/team-a.jpg]
[demo.themenio.com/appsland/images/team-b.jpg]
[demo.themenio.com/appsland/images/team-c.jpg]
[demo.themenio.com/appsland/images/team-d.jpg]
[demo.themenio.com/appsland/images/testimonial-bg.png]
[demo.themenio.com/appsland/images/quote-icon.png]
[demo.themenio.com/appsland/images/client-1.jpg]
[demo.themenio.com/appsland/images/client-2.jpg]
[demo.themenio.com/appsland/assets/js/googleMapc302.js]
[demo.themenio.com/appsland/assets/js/jquery.bundlec302.js]
[demo.themenio.com/appsland/assets/js/scriptc302.js]
[demo.themenio.com/appsland/index-x2-half-header.html]
[demo.themenio.com/appsland/assets/fonts/glyphicons-halflings-regular.eot]
[demo.themenio.com/appsland/assets/fonts/glyphicons-halflings-regular.woff2]
[demo.themenio.com/appsland/assets/fonts/glyphicons-halflings-regulard41d.eot]
[demo.themenio.com/appsland/assets/fonts/glyphicons-halflings-regular.woff]
[demo.themenio.com/appsland/assets/fonts/glyphicons-halflings-regular.ttf]
[demo.themenio.com/appsland/assets/fonts/fontawesome-webfont3e6e.eot]
[demo.themenio.com/appsland/assets/fonts/fontawesome-webfontd41d.eot]
[demo.themenio.com/appsland/assets/fonts/fontawesome-webfont3e6e.woff2]
[demo.themenio.com/appsland/assets/fonts/fontawesome-webfont3e6e.woff]
[demo.themenio.com/appsland/assets/fonts/fontawesome-webfont3e6e.ttf]
[demo.themenio.com/appsland/assets/css/owl.video.play.5b.delayed]
[demo.themenio.com/appsland/assets/fonts/themify9f24.eot]
[demo.themenio.com/appsland/assets/fonts/themifyd41d.eot]
[demo.themenio.com/appsland/assets/fonts/themify9f24.woff]
[demo.themenio.com/appsland/assets/fonts/themify9f24.ttf]
[demo.themenio.com/appsland/assets/css/vendor.bundlec302.css]
[demo.themenio.com/appsland/assets/fonts/Quicksand-Regular.eot]
[demo.themenio.com/appsland/assets/fonts/Quicksand-Regular.woff2]
[demo.themenio.com/appsland/assets/fonts/Quicksand-Regulard41d.eot]
[demo.themenio.com/appsland/assets/fonts/Quicksand-Regular.woff]
[demo.themenio.com/appsland/assets/fonts/Quicksand-Medium.eot]
[demo.themenio.com/appsland/assets/fonts/Quicksand-Medium.woff2]
[demo.themenio.com/appsland/assets/fonts/Quicksand-Mediumd41d.eot]
[demo.themenio.com/appsland/assets/fonts/Quicksand-Medium.woff]
[demo.themenio.com/appsland/assets/fonts/Quicksand-Light.eot]
[demo.themenio.com/appsland/assets/fonts/Quicksand-Light.woff2]
[demo.themenio.com/appsland/assets/fonts/Quicksand-Lightd41d.eot]
[demo.themenio.com/appsland/assets/fonts/Quicksand-Light.woff]
[demo.themenio.com/appsland/assets/fonts/Quicksand-Bold.eot]
[demo.themenio.com/appsland/assets/fonts/Quicksand-Bold.woff2]
[demo.themenio.com/appsland/assets/fonts/Quicksand-Boldd41d.eot]
[demo.themenio.com/appsland/assets/fonts/Quicksand-Bold.woff]
[demo.themenio.com/appsland/assets/fonts/OpenSans-Light.eot]
[demo.themenio.com/appsland/assets/fonts/OpenSans-Light.woff2]
[demo.themenio.com/appsland/assets/fonts/OpenSans-Lightd41d.eot]
[demo.themenio.com/appsland/assets/fonts/OpenSans-Light.woff]
[demo.themenio.com/appsland/assets/fonts/OpenSans-Regular.eot]
[demo.themenio.com/appsland/assets/fonts/OpenSans-Regular.woff2]
[demo.themenio.com/appsland/assets/fonts/OpenSans-Regulard41d.eot]
[demo.themenio.com/appsland/assets/fonts/OpenSans-Regular.woff]
[demo.themenio.com/appsland/assets/images/loading.gif]
[demo.themenio.com/appsland/assets/images/carb.png]
[demo.themenio.com/appsland/assets/images/fade.png]
[demo.themenio.com/appsland/assets/images/bg-fade.png]
[demo.themenio.com/appsland/assets/images/macbook.png]
[demo.themenio.com/appsland/assets/images/iphonex.png]
[demo.themenio.com/appsland/assets/images/iphone.png]
[demo.themenio.com/appsland/assets/images/browser-bar.png]
[demo.themenio.com/appsland/assets/images/pricing-carb.png]
[demo.themenio.com/appsland/assets/images/carb-circle.png]
[demo.themenio.com/appsland/assets/images/bubble.png]
[demo.themenio.com/appsland/assets/images/bubble-pro.png]
[demo.themenio.com/appsland/assets/images/macbook-black.png]
[demo.themenio.com/appsland/assets/images/iphonex-flat.png]
[demo.themenio.com/appsland/assets/css/stylec302.css]
[demo.themenio.com/appsland/assets/css/theme-royel-tealc302.css]
[demo.themenio.com/appsland/images/hs-1.png]
[demo.themenio.com/appsland/images/hs-2.png]
[demo.themenio.com/appsland/images/hs-3.png]
[demo.themenio.com/appsland/images/sc-3.jpg]
[demo.themenio.com/appsland/images/google-play.png]
[demo.themenio.com/appsland/images/app-store.png]
[demo.themenio.com/appsland/images/sc-1.jpg]
[demo.themenio.com/appsland/images/sc-2.jpg]
[demo.themenio.com/appsland/images/sc-4.jpg]
[demo.themenio.com/appsland/images/sc-5.jpg]
[demo.themenio.com/appsland/images/sc-6.jpg]
[demo.themenio.com/appsland/assets/js/googleMap.js]
[demo.themenio.com/appsland/assets/js/jquery.bundle.js]
[demo.themenio.com/appsland/index.html]
[demo.themenio.com/appsland/index-2.html]
[demo.themenio.com/appsland/index-particles.html]
[demo.themenio.com/appsland/index-gradient.html]
[demo.themenio.com/appsland/index-slider.html]
[demo.themenio.com/appsland/index-video.html]
[demo.themenio.com/appsland/assets/js/script.js]
[demo.themenio.com/appsland/index-image.html]
[demo.themenio.com/appsland/index-typing.html]
[demo.themenio.com/appsland/index-iphone7.html]
[demo.themenio.com/appsland/index-half-header.html]
[demo.themenio.com/appsland/images/header-bg.jpg]
[demo.themenio.com/appsland/images/header-screen-2.jpg]
[demo.themenio.com/appsland/images/header-screen-1.jpg]
[demo.themenio.com/appsland/images/header-screen-3.jpg]
[demo.themenio.com/appsland/images/scv-3.jpg]
[demo.themenio.com/appsland/images/scv-2.jpg]
[demo.themenio.com/appsland/images/scv-1.jpg]
[demo.themenio.com/appsland/images/scv-4.jpg]
[demo.themenio.com/appsland/images/scv-5.jpg]
[demo.themenio.com/appsland/images/scv-6.jpg]
[demo.themenio.com/appsland/images/scv-7.jpg]
[demo.themenio.com/appsland/index-x1.html]
[demo.themenio.com/appsland/index-x1-particles.html]
[demo.themenio.com/appsland/index-x1-gradient.html]
[demo.themenio.com/appsland/index-x1-slider.html]
[demo.themenio.com/appsland/index-x1-video.html]
[demo.themenio.com/appsland/index-x1-image.html]
[demo.themenio.com/appsland/index-x1-typing.html]
[demo.themenio.com/appsland/index-x1-iphone7.html]
[demo.themenio.com/appsland/index-x1-half-header.html]
[demo.themenio.com/appsland/index-x2.html]
[demo.themenio.com/appsland/index-x2-particles.html]
[demo.themenio.com/appsland/index-x2-gradient.html]
[demo.themenio.com/appsland/index-x2-slider.html]
[demo.themenio.com/appsland/index-x2-video.html]
[demo.themenio.com/appsland/index-x2-image.html]
[demo.themenio.com/appsland/index-x2-typing.html]
[demo.themenio.com/appsland/images/software-screen-sm-a.jpg]
[demo.themenio.com/appsland/images/software-screen-sm-b.jpg]
[demo.themenio.com/appsland/images/software-screen-sm-c.jpg]
[demo.themenio.com/appsland/images/partner-a.png]
[demo.themenio.com/appsland/images/partner-b.png]
[demo.themenio.com/appsland/images/partner-c.png]
[demo.themenio.com/appsland/images/partner-d.png]
[demo.themenio.com/appsland/images/partner-e.png]
[demo.themenio.com/appsland/images/partner-f.png]
[demo.themenio.com/appsland/index-x2-flat.html]
[demo.themenio.com/appsland/images/app-screen-a.jpg]
[demo.themenio.com/appsland/index-x3.html]
[demo.themenio.com/appsland/index-x3-particles.html]
[demo.themenio.com/appsland/index-x3-gradient.html]
[demo.themenio.com/appsland/index-x3-slider.html]
[demo.themenio.com/appsland/index-x3-video.html]
[demo.themenio.com/appsland/index-x3-image.html]
[demo.themenio.com/appsland/index-x3-typing.html]
[demo.themenio.com/appsland/index-x3-half-header.html]
[demo.themenio.com/appsland/index-x3-flat.html]
[demo.themenio.com/appsland/index-x4.html]
[demo.themenio.com/appsland/index-x4-particles.html]
[demo.themenio.com/appsland/index-x4-gradient.html]
[demo.themenio.com/appsland/index-x4-slider.html]
[demo.themenio.com/appsland/index-x4-video.html]
[demo.themenio.com/appsland/index-x4-image.html]
[demo.themenio.com/appsland/index-x4-typing.html]
[demo.themenio.com/appsland/index-x4-half-header.html]
[demo.themenio.com/appsland/index-x4-flat.html]
[demo.themenio.com/appsland/images/screen.png]
[demo.themenio.com/appsland/images/bg-bubble.png]
[demo.themenio.com/appsland/index-x5.html]
[demo.themenio.com/appsland/index-x5-particles.html]
[demo.themenio.com/appsland/index-x5-slider.html]
[demo.themenio.com/appsland/index-x5-video.html]
[demo.themenio.com/appsland/index-x5-image.html]
[demo.themenio.com/appsland/assets/fonts/glyphicons-halflings-regular.svg]
[demo.themenio.com/appsland/assets/fonts/fontawesome-webfont3e6e.svg]
[demo.themenio.com/appsland/assets/css/owl.video.play.html]
[demo.themenio.com/appsland/assets/fonts/themify9f24.svg]
[demo.themenio.com/appsland/assets/css/vendor.bundle.css]
[demo.themenio.com/appsland/assets/css/style62ea.css]
[demo.themenio.com/appsland/assets/css/theme62ea.css]
[demo.themenio.com/appsland/assets/css/theme-green-bluec302.css]
[demo.themenio.com/appsland/assets/css/theme-purplec302.css]
[demo.themenio.com/appsland/assets/css/theme-blue-greenc302.css]
